src/api/client.ts(4,26): error TS2339: Property 'env' does not exist on type 'ImportMeta'.
